// Jest Snapshot v1, https://goo.gl/fbAQLP

exports[`Idea Card Component should render 1`] = `
<div>
  <div
    class="sc-bdnylx eHYhos"
    data-testid="ideaCard"
  >
    <h3
      class="sc-eCApGN jmaljw"
    >
      League of Legends
    </h3>
    <p
      class="sc-jSFkmK liTLRo"
    >
      MOBA
    </p>
    <p
      class="sc-gKAblj kmRkkF"
    >
      Time 
      created
      : 
      00:00:00
    </p>
    <div
      class="sc-iCoHVE gTSoTY"
    >
      <button
        class="sc-fujyUd jNHdoZ"
        data-testid="removeButton"
        type="button"
      >
        Delete
      </button>
      <button
        class="sc-fujyUd jNHdoZ"
        data-testid="editButton"
        type="button"
      >
        Edit
      </button>
    </div>
  </div>
</div>
`;
