// Jest Snapshot v1, https://goo.gl/fbAQLP

exports[`Idea Card Component should render 1`] = `
<form
  class="sc-bdnylx eHYhos"
  data-testid="ideaCardCard"
>
  <h3
    class="sc-eCApGN jmaljw"
  >
    League of Legends
  </h3>
  <p
    class="sc-jSFkmK liTLRo"
  >
    MOBA
  </p>
  <p
    class="sc-gKAblj kmRkkF"
  >
    Time 
    created
    : 
    00:00:00
  </p>
  <div
    class="sc-iCoHVE gTSoTY"
  >
    <button
      class="sc-fujyUd jNHdoZ"
      data-testid="ideaCardRemoveButton"
      type="button"
    >
      Delete
    </button>
    <button
      class="sc-fujyUd jNHdoZ"
      data-testid="ideaCardEditButton"
      type="button"
    >
      Edit
    </button>
  </div>
</form>
`;
